// Jest Snapshot v1, https://goo.gl/fbAQLP

exports[`<NavMenu /> it renders correctly 1`] = `
<Fragment>
  <WithStyles(IconButton)
    color="inherit"
    onClick={[Function]}
  >
    <pure(MenuIcon) />
  </WithStyles(IconButton)>
  <WithStyles(Menu)
    anchorEl={null}
    id="simple-menu"
    onClose={[Function]}
    open={false}
  >
    <WithStyles(MenuItem)
      component={[Function]}
      onClick={[Function]}
      to="/login"
    >
      Logout
    </WithStyles(MenuItem)>
  </WithStyles(Menu)>
</Fragment>
`;
